this is a very long line that should
wrap around to the next line when the
terminal width is small
