rsync: [sender] link_stat "{PATH}" failed: No such file or directory (2)
rsync error: some files/attrs were not transferred (see previous errors) (code 23)
