sending incremental file list
a.txt
              5 100%    0.00kB/s    0:00:00                5 100%    0.00kB/s    0:00:00 (xfr#1, to-chk=0/2)
