oc-rsync: --block-size=0 is invalid
oc-rsync error: syntax or usage error (code 1) at main.c(1795) [client=3.2.7]
