
Number of files: 2 (reg: 1, dir: 1)
Number of created files: 0 (reg: 0, dir: 0)
Number of deleted files: 0
Number of regular files transferred: 1
Total file size: 1,048,576 bytes
Total transferred file size: 1,048,576 bytes
Literal data: 1,576 bytes
Matched data: 1,047,000 bytes
File list size: 0
File list generation time: 0.003 seconds
File list transfer time: 0.000 seconds
Total bytes sent: 5,893
Total bytes received: 6,329

sent 5,893 bytes  received 6,329 bytes  24,444.00 bytes/sec
total size is 1,048,576  speedup is 85.79
