
Number of files: 2 (reg: 1, dir: 1)
Number of created files: 0
Number of deleted files: 0
Number of regular files transferred: 1
Total file size: 1,024 bytes
Total transferred file size: 1,024 bytes
Literal data: 1,024 bytes
Matched data: 0 bytes
File list size: 0
File list generation time: 0.001 seconds
File list transfer time: 0.000 seconds
Total bytes sent: 1,147
Total bytes received: 41

sent 1,147 bytes  received 41 bytes  2,376.00 bytes/sec
total size is 1,024  speedup is 0.86
