
Number of files: 1 (reg: 1)
Number of created files: 0
Number of deleted files: 0
Number of regular files transferred: 1
Total file size: 8,388,608 bytes
Total transferred file size: 8,388,608 bytes
Literal data: 8,192 bytes
Matched data: 8,380,416 bytes
File list size: 0
File list generation time: 0.002 seconds
File list transfer time: 0.000 seconds
Total bytes sent: 12,388
Total bytes received: 6,179

sent 12,388 bytes  received 6,179 bytes  37,134.00 bytes/sec
total size is 8,388,608  speedup is 451.80
