---
source: crates/cli/tests/progress_stats.rs
expression: "our_stats.join(\"\\n\")"
---
File list size: 0
Number of created files: 1
Number of deleted files: 0
Number of regular files transferred: 1
Total transferred file size: 5 bytes
