---
source: crates/cli/tests/progress_stats.rs
expression: normalized
---
              5 100% XX.XXKB/s 00:00:00
