Number of files: 1
Number of created files: 1
Number of deleted files: 0
Number of regular files transferred: 1
Total transferred file size: 5 bytes
File list size: 0
