90e6365e4d14cfe80aac98d9d9c1e2775b8c88960b4acce27fc7b2980feed64e
