oc-rsync: --timeout=abc: invalid numeric value
oc-rsync error: syntax or usage error (code 1) at main.c(1836) [client=3.4.1]
