md4 92e5994e0babddace03f0ff88f767181
md5 157438ee5881306a9af554cc9b3e5974
sha1 076b085b6d84fa708d235291ae6ac3059b45bb37
xxh64 b01b03c5241fb7c7
xxh3 b7aeb52a10fdaf2d
xxh128 fa3a96b27c8228fc9c199070b6177663
