md4 92e5994e0babddace03f0ff88f767181
md5 157438ee5881306a9af554cc9b3e5974
sha1 076b085b6d84fa708d235291ae6ac3059b45bb37
