md4 aa010fbc1d14c795d86ef98c95479d17
md5 5eb63bbbe01eeed093cb22bb8f5acdc3
sha1 2aae6c35c94fcfb415dbe95f408b9ce91ee846ed
xxh64 45ab6734b21e6968
xxh3 d447b1ea40e6988b
xxh128 df8d09e93f874900a99b8775cc15b6c7
