---
source: tests/cli.rs
expression: "our_stats.join(\"\\n\")"
---
Number of deleted files: 0
Number of regular files transferred: 1
Total transferred file size: 5 bytes
