---
source: tests/cli.rs
assertion_line: 804
expression: normalized
---
              5 100% XKB/s 00:00:00
