---
source: tests/cli_misc.rs
expression: norm
---
              5 100% XKB/s 00:00:00
